    Blocking waiting for file lock on package cache
    Blocking waiting for file lock on package cache
    Finished `test` profile [optimized] target(s) in 0.08s
     Running unittests src/lib.rs (target/debug/build/sqlite3-partitioner/d534b55d42f6f68b/out/partitioner-d534b55d42f6f68b)

running 1 test
vec benchmark: inserting plain rows
vec benchmark: inserting partitioned rows
test benchmarks::vec_bench::benchmark_partitioned_vec_companion_vs_plain has been running for over 60 seconds
vec benchmark: ingest complete
vec benchmark: KNN phases complete
vec benchmark: retention complete
storage=disk dim=64 workload=1000 rows/minute for 1440 minutes (1440000 total rows)
ingest: partitioned+partition-local-vec=50.348186625s | plain+global-vec=46.024715041s
vector partitions=24 vector rows: partitioned=1440000 plain=1440000
knn k=10: one partition+resolve=4.995792ms | plain global+resolve=114.017917ms
global knn k=10 (no time filter): partitioned merge across all 24 partitions=116.6105ms | plain global=114.017917ms
windowed knn k=10: partitioned merge across 2 partitions=9.661125ms | plain global index with time filter=192.099ms
vtab one-liner knn k=10 (rows resolved inline): local=5.057958ms | global=115.323333ms | windowed=9.586708ms
retention (one data/vector partition): partitioned drop-pair=15.298584ms | plain vector+row delete=1.063713625s
vec benchmark: destroying partitioned table
test benchmarks::vec_bench::benchmark_partitioned_vec_companion_vs_plain ... ok

test result: ok. 1 passed; 0 failed; 0 ignored; 0 measured; 77 filtered out; finished in 99.34s

